[2026-05-15 18:00:24] INFO: 📁 日志文件: logs\ishumei_slider_20260515_180024.log
[2026-05-15 18:00:24] INFO: ============================================================
[2026-05-15 18:00:24] INFO: 🚀 数美滑块验证码求解器 - 开始新任务
[2026-05-15 18:00:24] INFO:    时间: 2026-05-15T18:00:24.243187
[2026-05-15 18:00:24] INFO:    目标: https://www.ishumei.com/trial/captcha.html
[2026-05-15 18:00:24] INFO: ============================================================
[2026-05-15 18:00:24] INFO: 
📡 [步骤 1/5] 获取验证码配置 (conf)...
[2026-05-15 18:00:24] INFO:    ✅ conf 请求成功, code=1100
[2026-05-15 18:00:24] INFO:    requestId: 45858ca5b4135e1c4bafb890d5c83aaf
[2026-05-15 18:00:24] INFO:    JS SDK: /pr/auto-build/v1.0.3-206/captcha-sdk.min.js
[2026-05-15 18:00:24] INFO: 
📡 [步骤 2/5] 注册验证码实例 (register)...
[2026-05-15 18:00:25] INFO:    ✅ register 成功
[2026-05-15 18:00:25] INFO:    rid: 20260515180026de94bd5ee97ec7d4dd
[2026-05-15 18:00:25] INFO:    bg_url: /crb/set-000006/v2/7c4cbb57db8c907000e043978c4f2638_bg.jpg
[2026-05-15 18:00:25] INFO:    fg_url: /crb/set-000006/v2/7c4cbb57db8c907000e043978c4f2638_fg.png
[2026-05-15 18:00:25] INFO:    k: W73X5kIU504=
[2026-05-15 18:00:25] INFO:    l: 8
[2026-05-15 18:00:25] INFO:    图片尺寸: 600x300
[2026-05-15 18:00:25] INFO: 
📥 [步骤 3/5] 下载滑块图片...
[2026-05-15 18:00:25] INFO:    ✅ 背景图已下载: images\bg.jpg
[2026-05-15 18:00:26] INFO:    ✅ 滑块图已下载: images\fg.png
[2026-05-15 18:00:26] INFO: 
🔍 [步骤 4/5] OpenCV 识别滑块缺口位置...
[2026-05-15 18:00:26] INFO:    ✅ 检测到滑块偏移量: 338px (原图)
[2026-05-15 18:00:26] INFO:    页面显示距离: 174.6px
[2026-05-15 18:00:26] INFO: 
🐭 [步骤 4/5 续] 生成模拟人类滑动轨迹...
[2026-05-15 18:00:26] INFO:    ✅ 轨迹已生成, 共 76 个点
[2026-05-15 18:00:26] INFO:    总耗时: 1060ms
[2026-05-15 18:00:26] INFO:    起点: [0, 0, 108]
[2026-05-15 18:00:26] INFO:    终点: [338, 2.7, 9]
[2026-05-15 18:00:26] INFO: 
🔐 [步骤 5/5] 构造 DES 加密参数 & 提交验证...
[2026-05-15 18:00:26] INFO:    ✅ 验证请求完成, 耗时: 360ms
[2026-05-15 18:00:26] INFO:    响应 code: 1100
[2026-05-15 18:00:26] INFO:    响应 message: success
[2026-05-15 18:00:26] INFO:    riskLevel: REJECT
[2026-05-15 18:00:26] INFO:    score: N/A
[2026-05-15 18:00:26] INFO: 
⚠️  请求成功但 riskLevel=REJECT
[2026-05-15 18:00:26] INFO:    可能需要调整轨迹参数或加密数据格式。
[2026-05-15 18:00:26] INFO: 
============================================================
[2026-05-15 18:00:26] INFO: 📊 任务总结
[2026-05-15 18:00:26] INFO: ============================================================
[2026-05-15 18:00:26] INFO:    rid:        20260515180026de94bd5ee97ec7d4dd
[2026-05-15 18:00:26] INFO:    滑块偏移:   338px
[2026-05-15 18:00:26] INFO:    轨迹点数:   76
[2026-05-15 18:00:26] INFO:    验证耗时:   360ms
[2026-05-15 18:00:26] INFO:    验证结果:   code=1100, riskLevel=REJECT
[2026-05-15 18:00:26] INFO:    bg 图片:    images\bg.jpg
[2026-05-15 18:00:26] INFO:    fg 图片:    images\fg.png
[2026-05-15 18:00:26] INFO: ============================================================
