[2026-05-19 14:32:16] INFO: 📁 日志文件: logs\ishumei_slider_20260519_143216.log
[2026-05-19 14:32:16] INFO: ============================================================
[2026-05-19 14:32:16] INFO: 🚀 数美滑块验证码求解器 - 开始新任务
[2026-05-19 14:32:16] INFO:    时间: 2026-05-19T14:32:16.049259
[2026-05-19 14:32:16] INFO: ============================================================
[2026-05-19 14:32:16] INFO: 
📡 [留痕点 A] 获取验证码配置 (conf)...
[2026-05-19 14:32:16] INFO:    ✅ conf 成功, code=1100
[2026-05-19 14:32:16] INFO:    JS SDK: /pr/auto-build/v1.0.3-206/captcha-sdk.min.js
[2026-05-19 14:32:16] INFO:    CDN domains: ['castatic.fengkongcloud.cn', 'castatic.fengkongcloud.com']...
[2026-05-19 14:32:16] INFO: 
📥 [留痕点 B] 下载 JS SDK 并提取参数名映射...
[2026-05-19 14:32:16] INFO:    协议版本: 206
[2026-05-19 14:32:16] ERROR:    ❌ 参数提取失败: 无法在 JS SDK 中找到 k1~k15 映射
[2026-05-19 14:32:16] WARNING:    将使用默认参数名（从旧版 SDK 提取）继续...
[2026-05-19 14:32:16] INFO: 
📡 [留痕点 C] 注册验证码实例 (register)...
[2026-05-19 14:32:16] INFO:    ✅ register 成功
[2026-05-19 14:32:16] INFO:    rid: 20260519143221d4d2b40d46aca0b4cc
[2026-05-19 14:32:16] INFO:    bg:  /crb/set-000006/v2/b0553c3ccfe14cff870a5c3072025808_bg.jpg
[2026-05-19 14:32:16] INFO:    fg:  /crb/set-000006/v2/b0553c3ccfe14cff870a5c3072025808_fg.png
[2026-05-19 14:32:16] INFO:    k:   0SmXRHoMoRM=
[2026-05-19 14:32:16] INFO:    l:   8
[2026-05-19 14:32:16] INFO:    图片尺寸: 600x300
[2026-05-19 14:32:16] INFO: 
📥 [留痕点 D] 下载滑块图片...
[2026-05-19 14:32:17] INFO:    ✅ bg: images\bg.jpg
[2026-05-19 14:32:17] INFO:    ✅ fg: images\fg.png
[2026-05-19 14:32:17] INFO: 
🔍 [留痕点 E] OpenCV 滑块缺口识别...
[2026-05-19 14:32:17] INFO:    ✅ 偏移量: 219px (原图)
[2026-05-19 14:32:17] INFO:    页面显示距离: 113.2px
[2026-05-19 14:32:17] INFO: 
🔐 [留痕点 F] DES 解密密钥 & 构造 fverify 参数...
[2026-05-19 14:32:17] INFO:    解密后的 DES 密钥: '7b41ed24'
[2026-05-19 14:32:17] INFO: 
📤 [留痕点 G] 提交 fverify 验证...
[2026-05-19 14:32:17] INFO:    耗时: 264ms
[2026-05-19 14:32:17] INFO:    code: 1100
[2026-05-19 14:32:17] INFO:    message: success
[2026-05-19 14:32:17] INFO:    riskLevel: REJECT
[2026-05-19 14:32:17] INFO:    score: N/A
[2026-05-19 14:32:17] INFO: 
⚠️  请求成功但 riskLevel=REJECT
[2026-05-19 14:32:17] INFO:    参数格式可能仍需调整（对比真实浏览器请求）。
[2026-05-19 14:32:17] INFO: 
============================================================
[2026-05-19 14:32:17] INFO: 📊 [留痕点 H] 任务总结
[2026-05-19 14:32:17] INFO: ============================================================
[2026-05-19 14:32:17] INFO:    rid:        20260519143221d4d2b40d46aca0b4cc
[2026-05-19 14:32:17] INFO:    k(原始):    0SmXRHoMoRM=
[2026-05-19 14:32:17] INFO:    DES密钥:    7b41ed24
[2026-05-19 14:32:17] INFO:    滑块偏移:   219px
[2026-05-19 14:32:17] INFO:    验证耗时:   264ms
[2026-05-19 14:32:17] INFO:    验证结果:   code=1100, riskLevel=REJECT
[2026-05-19 14:32:17] INFO:    bg 图片:    images\bg.jpg
[2026-05-19 14:32:17] INFO:    fg 图片:    images\fg.png
[2026-05-19 14:32:17] INFO: ============================================================
