[2026-05-15 18:15:29] INFO: 📁 日志文件: logs\ishumei_slider_20260515_181529.log
[2026-05-15 18:15:29] INFO: ============================================================
[2026-05-15 18:15:29] INFO: 🚀 数美滑块验证码求解器 - 开始新任务
[2026-05-15 18:15:29] INFO:    时间: 2026-05-15T18:15:29.395142
[2026-05-15 18:15:29] INFO: ============================================================
[2026-05-15 18:15:29] INFO: 
📡 [留痕点 A] 获取验证码配置 (conf)...
[2026-05-15 18:15:29] INFO:    ✅ conf 成功, code=1100
[2026-05-15 18:15:29] INFO:    JS SDK: /pr/auto-build/v1.0.3-206/captcha-sdk.min.js
[2026-05-15 18:15:29] INFO:    CDN domains: ['castatic.fengkongcloud.cn', 'castatic.fengkongcloud.com']...
[2026-05-15 18:15:29] INFO: 
📥 [留痕点 B] 下载 JS SDK 并提取参数名映射...
[2026-05-15 18:15:29] INFO:    协议版本: 206
[2026-05-15 18:15:29] ERROR:    ❌ 参数提取失败: 无法在 JS SDK 中找到 k1~k15 映射
[2026-05-15 18:15:29] WARNING:    将使用默认参数名（从旧版 SDK 提取）继续...
[2026-05-15 18:15:29] INFO: 
📡 [留痕点 C] 注册验证码实例 (register)...
[2026-05-15 18:15:30] INFO:    ✅ register 成功
[2026-05-15 18:15:30] INFO:    rid: 2026051518153091ba453c21f376b204
[2026-05-15 18:15:30] INFO:    bg:  /crb/set-000006/v2/5f74a4ddf89bf8765ee4a55155245952_bg.jpg
[2026-05-15 18:15:30] INFO:    fg:  /crb/set-000006/v2/5f74a4ddf89bf8765ee4a55155245952_fg.png
[2026-05-15 18:15:30] INFO:    k:   Vh6Coi5EE24=
[2026-05-15 18:15:30] INFO:    l:   8
[2026-05-15 18:15:30] INFO:    图片尺寸: 600x300
[2026-05-15 18:15:30] INFO: 
📥 [留痕点 D] 下载滑块图片...
[2026-05-15 18:15:30] INFO:    ✅ bg: images\bg.jpg
[2026-05-15 18:15:30] INFO:    ✅ fg: images\fg.png
[2026-05-15 18:15:30] INFO: 
🔍 [留痕点 E] OpenCV 滑块缺口识别...
[2026-05-15 18:15:30] INFO:    ✅ 偏移量: 152px (原图)
[2026-05-15 18:15:30] INFO:    页面显示距离: 78.5px
[2026-05-15 18:15:30] INFO: 
🔐 [留痕点 F] DES 解密密钥 & 构造 fverify 参数...
[2026-05-15 18:15:30] INFO:    解密后的 DES 密钥: 'a8fe0e00'
[2026-05-15 18:15:30] INFO: 
📤 [留痕点 G] 提交 fverify 验证...
[2026-05-15 18:15:31] INFO:    耗时: 271ms
[2026-05-15 18:15:31] INFO:    code: 1100
[2026-05-15 18:15:31] INFO:    message: success
[2026-05-15 18:15:31] INFO:    riskLevel: REJECT
[2026-05-15 18:15:31] INFO:    score: N/A
[2026-05-15 18:15:31] INFO: 
⚠️  请求成功但 riskLevel=REJECT
[2026-05-15 18:15:31] INFO:    参数格式可能仍需调整（对比真实浏览器请求）。
[2026-05-15 18:15:31] INFO: 
============================================================
[2026-05-15 18:15:31] INFO: 📊 [留痕点 H] 任务总结
[2026-05-15 18:15:31] INFO: ============================================================
[2026-05-15 18:15:31] INFO:    rid:        2026051518153091ba453c21f376b204
[2026-05-15 18:15:31] INFO:    k(原始):    Vh6Coi5EE24=
[2026-05-15 18:15:31] INFO:    DES密钥:    a8fe0e00
[2026-05-15 18:15:31] INFO:    滑块偏移:   152px
[2026-05-15 18:15:31] INFO:    验证耗时:   271ms
[2026-05-15 18:15:31] INFO:    验证结果:   code=1100, riskLevel=REJECT
[2026-05-15 18:15:31] INFO:    bg 图片:    images\bg.jpg
[2026-05-15 18:15:31] INFO:    fg 图片:    images\fg.png
[2026-05-15 18:15:31] INFO: ============================================================
